// Jest Snapshot v1, https://goo.gl/fbAQLP

exports[`Test en <GifExpertApp Debe hacer match con el snapshot 1`] = `
<div>
  <div
    class="container pt-5"
  >
    <h1>
      Gif Search
    </h1>
    <figcaption
      class="blockquote-footer animate__animated animate__backInDown"
    >
      Developed by 
      <cite
        title="ignacio_Ainol"
      >
        ignacio_Ainol
      </cite>
    </figcaption>
    <form
      aria-label="form"
    >
      <input
        placeholder="Buscar Gifs"
        type="text"
        value=""
      />
    </form>
    <h3>
      Futurama
    </h3>
    <div
      class="spinner-border"
      role="status"
    >
      <span
        class="visually-hidden"
      >
        Loading...
      </span>
    </div>
    <div
      class="row"
    />
  </div>
</div>
`;
