// Jest Snapshot v1, https://goo.gl/fbAQLP

exports[`Test in GifItem Debe hacer match con el snapshot 1`] = `
<div>
  <div
    class="col-xs-12 col-sm-3 card"
  >
    <img
      alt="Saitama"
      src="https://one-punch..com/saitama.jpeg"
    />
    <p>
      Saitama
    </p>
  </div>
</div>
`;
